run this
coop-scratchpad/hello-crossplane	Managed with Crossplane Github Provider (generated with Upjet)	public	2023-01-12T12:25:54Z
